// Jest Snapshot v1, https://goo.gl/fbAQLP

exports[`Wrapper should render correctly 1`] = `
.c0 {
  box-sizing: border-box;
  max-width: 42rem;
  padding: 0 1rem;
  margin: 0 auto;
}

<div
  class="c0"
>
  Test
</div>
`;
